// Jest Snapshot v1, https://goo.gl/fbAQLP

exports[`Initialization methods kmeans++ 1`] = `
[
  [
    -1,
    -1.25,
    -1.375,
  ],
  [
    1,
    0.75,
    1.125,
  ],
  [
    1,
    1.75,
    1.125,
  ],
]
`;
